
> build
> vite build

[36mvite v8.0.3 [32mbuilding client environment for production...[36m[39m
[2K
transforming...Γ£ô 2 modules transformed.
node.exe : [31mΓ£ù[39m Build failed 
in 374ms
At line:1 char:1
+ & "C:\Program Files\nodejs/node.exe" 
"C:\Users\DELL\AppData\Roaming\n ...
+ ~~~~~~~~~~~~~~~~~~~~~~~~~~~~~~~~~~~~~
~~~~~~~~~~~~~~~~~~~~~~~~~~~~~~~~
    + CategoryInfo          : NotSpeci 
   fied: ([31mΓ£ù[39m Build failed   
  in 374ms:String) [], RemoteExcepti   
 on
    + FullyQualifiedErrorId : NativeCo 
   mmandError
 
[31merror during build:
[31mBuild failed with 1 error:

[31m[builtin:vite-transform] 
Error:[0m Unexpected token
    [38;5;246mΓò¡[0m[38;5;246mΓöÇ[0
m[38;5;246m[[0m 
resources/js/app.jsx:17:294 
[38;5;246m][0m
    [38;5;246mΓöé[0m
 [38;5;246m17 Γöé[0m [38;5;249m 
[0m[38;5;249m [0m[38;5;249m 
[0m[38;5;249m [0m[38;5;249m 
[0m[38;5;249m [0m[38;5;249m 
[0m[38;5;249m [0m[38;5;249m 
[0m[38;5;249m [0m[38;5;249m 
[0m[38;5;249m [0m[38;5;249m<[0m[3
8;5;249mT[0m[38;5;249mo[0m[38;5;249
ma[0m[38;5;249ms[0m[38;5;249mt[0m
[38;5;249me[0m[38;5;249mr[0m[38;5;2
49m [0m[38;5;249mp[0m[38;5;249mo[0
m[38;5;249ms[0m[38;5;249mi[0m[38;5
;249mt[0m[38;5;249mi[0m[38;5;249mo
[0m[38;5;249mn[0m[38;5;249m=[0m[38
;5;249m"[0m[38;5;249mt[0m[38;5;249m
o[0m[38;5;249mp[0m[38;5;249m-[0m[
38;5;249mr[0m[38;5;249mi[0m[38;5;24
9mg[0m[38;5;249mh[0m[38;5;249mt[0m
[38;5;249m"[0m[38;5;249m [0m[38;5;
249mM[0m[38;5;249ma[0m[38;5;249mp[
0m[38;5;249m [0m[38;5;249mm[0m[38;
5;249ma[0m[38;5;249mp[0m[38;5;249mp
[0m[38;5;249mi[0m[38;5;249mn[0m[3
8;5;249mg[0m[38;5;249m [0m[38;5;249
mB[0m[38;5;249mo[0m[38;5;249mu[0m
[38;5;249mn[0m[38;5;249md[0m[38;5;2
49ma[0m[38;5;249mr[0m[38;5;249my[0
m[38;5;249m [0m[38;5;249mV[0m[38;5
;249ma[0m[38;5;249mr[0m[38;5;249mi
[0m[38;5;249ma[0m[38;5;249mb[0m[38
;5;249ml[0m[38;5;249me[0m[38;5;249m
 [0m[38;5;249mp[0m[38;5;249ma[0m[
38;5;249mr[0m[38;5;249ma[0m[38;5;24
9mm[0m[38;5;249me[0m[38;5;249mt[0m
[38;5;249me[0m[38;5;249mr[0m[38;5;
249ms[0m[38;5;249m [0m[38;5;249mb[
0m[38;5;249mo[0m[38;5;249mu[0m[38;
5;249mn[0m[38;5;249md[0m[38;5;249ma
[0m[38;5;249mr[0m[38;5;249my[0m[3
8;5;249m [0m[38;5;249mC[0m[38;5;249
mo[0m[38;5;249mn[0m[38;5;249mt[0m
[38;5;249me[0m[38;5;249mx[0m[38;5;2
49mt[0m[38;5;249m [0m[38;5;249mc[0
m[38;5;249mo[0m[38;5;249mn[0m[38;5
;249md[0m[38;5;249mi[0m[38;5;249mt
[0m[38;5;249mi[0m[38;5;249mo[0m[38
;5;249mn[0m[38;5;249ms[0m[38;5;249m
 [0m[38;5;249mc[0m[38;5;249mo[0m[
38;5;249mn[0m[38;5;249md[0m[38;5;24
9mi[0m[38;5;249mt[0m[38;5;249mi[0m
[38;5;249mo[0m[38;5;249mn[0m[38;5;
249ms[0m[38;5;249m [0m[38;5;249mM[
0m[38;5;249ma[0m[38;5;249mp[0m[38;
5;249m [0m[38;5;249ms[0m[38;5;249me
[0m[38;5;249mq[0m[38;5;249mu[0m[3
8;5;249me[0m[38;5;249mn[0m[38;5;249
mc[0m[38;5;249me[0m[38;5;249m [0m
[38;5;249mc[0m[38;5;249mo[0m[38;5;2
49mn[0m[38;5;249md[0m[38;5;249mi[0
m[38;5;249mt[0m[38;5;249mi[0m[38;5
;249mo[0m[38;5;249mn[0m[38;5;249ms
[0m[38;5;249m [0m[38;5;249mm[0m[38
;5;249ma[0m[38;5;249mp[0m[38;5;249m
p[0m[38;5;249mi[0m[38;5;249mn[0m[
38;5;249mg[0m[38;5;249ms[0m[38;5;24
9m [0m[38;5;249mp[0m[38;5;249ma[0m
[38;5;249mr[0m[38;5;249ma[0m[38;5;
249mm[0m[38;5;249me[0m[38;5;249mt[
0m[38;5;249me[0m[38;5;249mr[0m[38;
5;249ms[0m[38;5;249m [0m[38;5;249mb
[0m[38;5;249mo[0m[38;5;249mu[0m[3
8;5;249mn[0m[38;5;249md[0m[38;5;249
ma[0m[38;5;249mr[0m[38;5;249mi[0m
[38;5;249me[0m[38;5;249ms[0m[38;5;2
49m [0m[38;5;249mM[0m[38;5;249ma[0
m[38;5;249mp[0m[38;5;249mp[0m[38;5
;249mi[0m[38;5;249mn[0m[38;5;249mg
[0m[38;5;249m [0m[38;5;249mA[0m[38
;5;249mr[0m[38;5;249mr[0m[38;5;249m
a[0m[38;5;249my[0m[38;5;249m [0m[
38;5;249mV[0m[38;5;249ma[0m[38;5;24
9mr[0m[38;5;249mi[0m[38;5;249ma[0m
[38;5;249mb[0m[38;5;249ml[0m[38;5;
249me[0m[38;5;249m [0m[38;5;249mm[
0m[38;5;249ma[0m[38;5;249mp[0m[38;
5;249mp[0m[38;5;249mi[0m[38;5;249mn
[0m[38;5;249mg[0m[38;5;249ms[0m[3
8;5;249m [0m[38;5;249mv[0m[38;5;249
ma[0m[38;5;249mr[0m[38;5;249mi[0m
[38;5;249ma[0m[38;5;249mb[0m[38;5;2
49ml[0m[38;5;249me[0m[38;5;249ms[0
m[38;5;249m [0m[38;5;249mb[0m[38;5
;249mo[0m[38;5;249mu[0m[38;5;249mn
[0m[38;5;249md[0m[38;5;249ma[0m[38
;5;249mr[0m[38;5;249mi[0m[38;5;249m
e[0m[38;5;249ms[0m[38;5;249m [0m[
38;5;249mC[0m[38;5;249mo[0m[38;5;24
9mn[0m[38;5;249md[0m[38;5;249mi[0m
[38;5;249mt[0m[38;5;249mi[0m[38;5;
249mo[0m[38;5;249mn[0m[38;5;249ms[
0m[38;5;249m [0m[38;5;249mV[0m[38;
5;249ma[0m[38;5;249mr[0m[38;5;249mi
[0m[38;5;249ma[0m[38;5;249mb[0m[3
8;5;249ml[0m[38;5;249me[0m[38;5;249
m [0m[38;5;249ml[0m[38;5;249mi[0m
[38;5;249mm[0m[38;5;249mi[0m[38;5;2
49mt[0m[38;5;249m [0m[38;5;249mm[0
m[38;5;249ma[0m[38;5;249mp[0m[38;5
;249mp[0m[38;5;249me[0m[38;5;249md
[0m[38;5;249m [0m[38;5;249ml[0m[38
;5;249mi[0m[38;5;249mm[0m[38;5;249m
i[0m[38;5;249mt[0m[38;5;249m [0m[
38;5;249mC[0m[38;5;249mo[0m[38;5;24
9mn[0m[38;5;249md[0m[38;5;249mi[0m
[38;5;249mt[0m[38;5;249mi[0m[38;5;
249mo[0m[38;5;249mn[0m[38;5;249m [
0m[38;5;249mV[0m[38;5;249ma[0m[38;
5;249mr[0m[38;5;249mi[0m[38;5;249ma
[0m[38;5;249mb[0m[38;5;249ml[0m[3
8;5;249me[0m[38;5;249m [0m[38;5;249
mM[0m[38;5;249ma[0m[38;5;249mp[0m
[38;5;249ms[0m[38;5;249m 
[0m}[38;5;249m 
[0m[38;5;249m/[0m[38;5;249m>[0m
 [38;5;240m   Γöé[0m                 
                                       
                                       
                                       
                                       
                                       
                                       
                                       
    Γö¼  
 [38;5;240m   Γöé[0m                 
                                       
                                       
                                       
                                       
                                       
                                       
                                       
    Γò░ΓöÇΓöÇ 
[38;5;246mΓöÇΓöÇΓöÇΓöÇΓò»[0m
[31m
    at 
aggregateBindingErrorsIntoJsError (file
:///C:/xampp/htdocs/ris/Retail%20Invent
ory%20System/node_modules/rolldown/dist
/shared/error-BLhcSyeg.mjs:48:18)
    at unwrapBindingResult (file:///C:/
xampp/htdocs/ris/Retail%20Inventory%20S
ystem/node_modules/rolldown/dist/shared
/error-BLhcSyeg.mjs:18:128)
    at #build (file:///C:/xampp/htdocs/
ris/Retail%20Inventory%20System/node_mo
dules/rolldown/dist/shared/rolldown-bui
ld-CPrIX9V6.mjs:3313:34)
    at async buildEnvironment (file:///
C:/xampp/htdocs/ris/Retail%20Inventory%
20System/node_modules/vite/dist/node/ch
unks/node.js:32849:64)
    at async Object.build (file:///C:/x
ampp/htdocs/ris/Retail%20Inventory%20Sy
stem/node_modules/vite/dist/node/chunks
/node.js:33271:19)
    at async Object.buildApp (file:///C
:/xampp/htdocs/ris/Retail%20Inventory%2
0System/node_modules/vite/dist/node/chu
nks/node.js:33268:153)
    at async CAC.<anonymous> (file:///C
:/xampp/htdocs/ris/Retail%20Inventory%2
0System/node_modules/vite/dist/node/cli
.js:778:3) {
  errors: [Getter/Setter]
}[39m
